200 text/plain; version=0.0.4
hearth_api_requests_total
hearth_create_duration_ms_bucket{le="+Inf"}
hearth_create_duration_ms_bucket{le="10"}
hearth_create_duration_ms_bucket{le="100"}
hearth_create_duration_ms_bucket{le="1000"}
hearth_create_duration_ms_bucket{le="10000"}
hearth_create_duration_ms_bucket{le="25"}
hearth_create_duration_ms_bucket{le="250"}
hearth_create_duration_ms_bucket{le="2500"}
hearth_create_duration_ms_bucket{le="30000"}
hearth_create_duration_ms_bucket{le="5"}
hearth_create_duration_ms_bucket{le="50"}
hearth_create_duration_ms_bucket{le="500"}
hearth_create_duration_ms_bucket{le="5000"}
hearth_create_duration_ms_count
hearth_create_duration_ms_sum
hearth_exec_duration_ms_bucket{le="+Inf"}
hearth_exec_duration_ms_bucket{le="10"}
hearth_exec_duration_ms_bucket{le="100"}
hearth_exec_duration_ms_bucket{le="1000"}
hearth_exec_duration_ms_bucket{le="10000"}
hearth_exec_duration_ms_bucket{le="25"}
hearth_exec_duration_ms_bucket{le="250"}
hearth_exec_duration_ms_bucket{le="2500"}
hearth_exec_duration_ms_bucket{le="30000"}
hearth_exec_duration_ms_bucket{le="5"}
hearth_exec_duration_ms_bucket{le="50"}
hearth_exec_duration_ms_bucket{le="500"}
hearth_exec_duration_ms_bucket{le="5000"}
hearth_exec_duration_ms_count
hearth_exec_duration_ms_sum
hearth_execs_total
hearth_forks_total
hearth_nodes_ready
hearth_pool_size{node=*}
hearth_sandboxes_total{state="creating"}
hearth_sandboxes_total{state="error"}
hearth_sandboxes_total{state="paused"}
hearth_sandboxes_total{state="running"}
hearth_sandboxes_total{state="sleeping"}
hearth_sandboxes_total{state="stopped"}
hearth_wake_duration_ms_bucket{le="+Inf"}
hearth_wake_duration_ms_bucket{le="10"}
hearth_wake_duration_ms_bucket{le="100"}
hearth_wake_duration_ms_bucket{le="1000"}
hearth_wake_duration_ms_bucket{le="10000"}
hearth_wake_duration_ms_bucket{le="25"}
hearth_wake_duration_ms_bucket{le="250"}
hearth_wake_duration_ms_bucket{le="2500"}
hearth_wake_duration_ms_bucket{le="30000"}
hearth_wake_duration_ms_bucket{le="5"}
hearth_wake_duration_ms_bucket{le="50"}
hearth_wake_duration_ms_bucket{le="500"}
hearth_wake_duration_ms_bucket{le="5000"}
hearth_wake_duration_ms_count
hearth_wake_duration_ms_sum
hearth_wake_ms_last
hearth_wake_ms_sum
hearth_wake_total
