200 text/plain; version=0.0.4
felucca_api_requests_total
felucca_create_duration_ms_bucket{le="+Inf"}
felucca_create_duration_ms_bucket{le="10"}
felucca_create_duration_ms_bucket{le="100"}
felucca_create_duration_ms_bucket{le="1000"}
felucca_create_duration_ms_bucket{le="10000"}
felucca_create_duration_ms_bucket{le="25"}
felucca_create_duration_ms_bucket{le="250"}
felucca_create_duration_ms_bucket{le="2500"}
felucca_create_duration_ms_bucket{le="30000"}
felucca_create_duration_ms_bucket{le="5"}
felucca_create_duration_ms_bucket{le="50"}
felucca_create_duration_ms_bucket{le="500"}
felucca_create_duration_ms_bucket{le="5000"}
felucca_create_duration_ms_count
felucca_create_duration_ms_sum
felucca_exec_duration_ms_bucket{le="+Inf"}
felucca_exec_duration_ms_bucket{le="10"}
felucca_exec_duration_ms_bucket{le="100"}
felucca_exec_duration_ms_bucket{le="1000"}
felucca_exec_duration_ms_bucket{le="10000"}
felucca_exec_duration_ms_bucket{le="25"}
felucca_exec_duration_ms_bucket{le="250"}
felucca_exec_duration_ms_bucket{le="2500"}
felucca_exec_duration_ms_bucket{le="30000"}
felucca_exec_duration_ms_bucket{le="5"}
felucca_exec_duration_ms_bucket{le="50"}
felucca_exec_duration_ms_bucket{le="500"}
felucca_exec_duration_ms_bucket{le="5000"}
felucca_exec_duration_ms_count
felucca_exec_duration_ms_sum
felucca_execs_total
felucca_forks_total
felucca_nodes_ready
felucca_pool_size{node=*}
felucca_sandboxes_total{state="creating"}
felucca_sandboxes_total{state="error"}
felucca_sandboxes_total{state="paused"}
felucca_sandboxes_total{state="running"}
felucca_sandboxes_total{state="sleeping"}
felucca_sandboxes_total{state="stopped"}
felucca_wake_duration_ms_bucket{le="+Inf"}
felucca_wake_duration_ms_bucket{le="10"}
felucca_wake_duration_ms_bucket{le="100"}
felucca_wake_duration_ms_bucket{le="1000"}
felucca_wake_duration_ms_bucket{le="10000"}
felucca_wake_duration_ms_bucket{le="25"}
felucca_wake_duration_ms_bucket{le="250"}
felucca_wake_duration_ms_bucket{le="2500"}
felucca_wake_duration_ms_bucket{le="30000"}
felucca_wake_duration_ms_bucket{le="5"}
felucca_wake_duration_ms_bucket{le="50"}
felucca_wake_duration_ms_bucket{le="500"}
felucca_wake_duration_ms_bucket{le="5000"}
felucca_wake_duration_ms_count
felucca_wake_duration_ms_sum
felucca_wake_ms_last
felucca_wake_ms_sum
felucca_wake_total
